0000 0000	0	1	0000 0000 0000 0000 0000 0000 0000 0010
0000 0001	0	0	1111 1111 1111 1111 1111 1111 1111 1111
0000 0010	0	0	0000 0000 0000 0000 0000 0000 0000 0000
0000 0011	0	0	1101 1110 1010 1101 1011 1110 1110 1111
