0000 0000	0	0	0000 0000 0000 0000 0000 0000 0000 0001
0000 0001	0	1	0000 0000 0000 0000 0000 0000 0000 0010
0000 0010	0	0	0000 0000 0000 0000 0000 0000 0000 0100
0000 0011	0	0	0000 0000 0000 0000 0000 0001 0000 0000
