0000 0000	0	0	0000 0000 0000 0000 0000 0000 0000 0001
0000 0001	0	0	0000 0000 0000 0000 0000 0000 0000 0001
0000 0010	0	0	0000 0000 0000 0000 0101 0101 0101 0101
0000 0011	0	0	0000 0000 0000 0000 1111 1111 1111 1111
