0000 0000	0	0	1111 1111 1111 1111 1111 1111 1111 1111
0000 0001	0	0	0000 0000 0000 0000 0000 0000 0000 0001
0000 0010	1	0	0101 0101 0101 0101 0101 0101 0101 0101
0000 0011	0	0	0000 1111 1111 1111 0000 0000 0000 0000
0000 0100	0	0	1111 0000 0000 0001 0000 0000 0000 0000
0000 0101	0	1	0000 0000 0000 0000 0000 0000 0000 0000
